<!DOCTYPE html>
<html >
  <head>
    <meta charset="UTF-8">
    <title>Memory Game</title>
    <meta name="viewport" content="width=device-width, initial-scale=1">
    
    <link rel="stylesheet" href="css/reset.css">

    <link rel='stylesheet prefetch' href='http://fonts.googleapis.com/css?family=Anton'>

        <link rel="stylesheet" href="css/style.css">

    <link rel="icon" a href="https://developers.google.com/games/services/images/branding/ic_play_games_badge_green.png" type="image/x-icon"/>
    
    
  </head>

  <body>

    <div class="wrap">
<div class="game"></div>
	
	<div class="modal-overlay">
		<div class="modal">
		
			<h2 class="winner"><img src="http://pic.pimg.tw/hahapoint/1307887762-fc3c9ab45ac11545f7dc9705e5562509.jpg" alt="100%" /><embed src="DEADPOOL.mp3" autostart="true" loop="true" hidden="true"></h2>
			<button class="restart">Play Again?(Don't)</button>
			<p class="message">Developed on <a href="http://codepen.io">CodePen</a> by <a href="http://codepen.io/lovecacat">Eggplant</a></p>
			<p class="share-text">Share it?</p>
			<ul class="social">
				<li><a target="_blank" class="twitter" href="https://twitter.com/pewdiepie"><span class="brandico-twitter-bird"></span></a></li>
				<li><a target="_blank" class="facebook" href="https://www.facebook.com/PewDiePie/"><span class="brandico-facebook"></span></a></li>
			</ul>
		</div>
	</div>
  <footer>
		<p class="disclaimer">All logos are property of their respective owners, No Copyright infringement intended.</p>
	</footer>
  </div><!-- End Wrap -->
<body>
<embed src="DEADPOOL.mp3" autostart="true" loop="true" hidden="true">
</body>
    <script src='http://cdnjs.cloudflare.com/ajax/libs/jquery/2.1.3/jquery.min.js'></script>

        <script src="js/index.js"></script>

    
    
    
  </body>
</html>
